2026-09-27 00:35:02,257 | INFO | Pipeline started | run_date=2026-09-25 chaos=none
2026-09-27 00:35:05,127 | INFO | Started local Dispatch API
2026-09-27 00:35:05,334 | INFO | Extracted local sources | orders=1603 outcomes=1600 interventions=430 files=11
2026-09-27 00:35:05,337 | INFO | Fetched Dispatch page | page=1 rows=50 cumulative=50
2026-09-27 00:35:05,356 | INFO | Fetched Dispatch page | page=2 rows=50 cumulative=100
2026-09-27 00:35:05,358 | WARNING | Retrying Dispatch API | page=3 status=500 attempt=1/3 wait=0.25s
2026-09-27 00:35:05,612 | INFO | Fetched Dispatch page | page=3 rows=50 cumulative=150
2026-09-27 00:35:05,618 | INFO | Fetched Dispatch page | page=4 rows=50 cumulative=200
2026-09-27 00:35:05,621 | WARNING | Retrying Dispatch API | page=5 status=429 attempt=1/3 wait=0.25s
2026-09-27 00:35:05,876 | INFO | Fetched Dispatch page | page=5 rows=50 cumulative=250
2026-09-27 00:35:05,881 | INFO | Fetched Dispatch page | page=6 rows=50 cumulative=300
2026-09-27 00:35:05,885 | INFO | Fetched Dispatch page | page=7 rows=50 cumulative=350
2026-09-27 00:35:05,904 | INFO | Fetched Dispatch page | page=8 rows=50 cumulative=400
2026-09-27 00:35:05,918 | INFO | Fetched Dispatch page | page=9 rows=50 cumulative=450
2026-09-27 00:35:05,934 | INFO | Fetched Dispatch page | page=10 rows=50 cumulative=500
2026-09-27 00:35:05,950 | INFO | Fetched Dispatch page | page=11 rows=50 cumulative=550
2026-09-27 00:35:05,957 | INFO | Fetched Dispatch page | page=12 rows=50 cumulative=600
2026-09-27 00:35:05,963 | INFO | Fetched Dispatch page | page=13 rows=50 cumulative=650
2026-09-27 00:35:05,972 | INFO | Fetched Dispatch page | page=14 rows=50 cumulative=700
2026-09-27 00:35:05,978 | INFO | Fetched Dispatch page | page=15 rows=50 cumulative=750
2026-09-27 00:35:05,987 | INFO | Fetched Dispatch page | page=16 rows=50 cumulative=800
2026-09-27 00:35:06,010 | INFO | Fetched Dispatch page | page=17 rows=50 cumulative=850
2026-09-27 00:35:06,028 | INFO | Fetched Dispatch page | page=18 rows=50 cumulative=900
2026-09-27 00:35:06,060 | INFO | Fetched Dispatch page | page=19 rows=50 cumulative=950
2026-09-27 00:35:06,068 | INFO | Fetched Dispatch page | page=20 rows=50 cumulative=1000
2026-09-27 00:35:06,091 | INFO | Fetched Dispatch page | page=21 rows=50 cumulative=1050
2026-09-27 00:35:06,124 | INFO | Fetched Dispatch page | page=22 rows=50 cumulative=1100
2026-09-27 00:35:06,153 | INFO | Fetched Dispatch page | page=23 rows=50 cumulative=1150
2026-09-27 00:35:06,161 | INFO | Fetched Dispatch page | page=24 rows=50 cumulative=1200
2026-09-27 00:35:06,168 | INFO | Fetched Dispatch page | page=25 rows=50 cumulative=1250
2026-09-27 00:35:06,174 | INFO | Fetched Dispatch page | page=26 rows=50 cumulative=1300
2026-09-27 00:35:06,177 | INFO | Fetched Dispatch page | page=27 rows=50 cumulative=1350
2026-09-27 00:35:06,181 | INFO | Fetched Dispatch page | page=28 rows=50 cumulative=1400
2026-09-27 00:35:06,185 | INFO | Fetched Dispatch page | page=29 rows=50 cumulative=1450
2026-09-27 00:35:06,212 | INFO | Fetched Dispatch page | page=30 rows=50 cumulative=1500
2026-09-27 00:35:06,215 | INFO | Fetched Dispatch page | page=31 rows=50 cumulative=1550
2026-09-27 00:35:06,217 | INFO | Fetched Dispatch page | page=32 rows=50 cumulative=1600
2026-09-27 00:35:06,221 | INFO | Dispatch extraction complete | records=1600 pages=32
2026-09-27 00:35:06,258 | INFO | Validation | check=orders.required_columns status=PASS detail=9 required columns present
2026-09-27 00:35:06,258 | INFO | Validation | check=order_outcomes.required_columns status=PASS detail=6 required columns present
2026-09-27 00:35:06,258 | INFO | Validation | check=dispatch.required_columns status=PASS detail=3 required columns present
2026-09-27 00:35:06,258 | INFO | Validation | check=orders.order_id_uniqueness status=WARN detail=duplicate_order_ids=3 duplicate_rows_involved=6
2026-09-27 00:35:06,258 | INFO | Validation | check=orders.delivered_completion_timestamp status=WARN detail=delivered_rows_missing_actual_delivery_at=37
2026-09-27 00:35:06,258 | INFO | Validation | check=orders.timestamp_chronology status=WARN detail={'promised_before_created': 4, 'pickup_before_created': 0, 'actual_before_pickup': 5}
2026-09-27 00:35:06,259 | INFO | Validation | check=orders.freshness status=PASS detail=latest_created_at=2026-08-28 23:33:00 age_days=28
2026-09-27 00:35:06,259 | INFO | Validation | check=order_outcomes.order_id_uniqueness status=PASS detail=duplicate_rows=0
2026-09-27 00:35:06,259 | INFO | Validation | check=orders.customer_id_to_customers status=PASS detail=coverage=100.00% unmapped=0
2026-09-27 00:35:06,259 | INFO | Validation | check=orders.driver_id_to_drivers status=PASS detail=coverage=100.00% unmapped=0
2026-09-27 00:35:06,259 | INFO | Validation | check=orders.restaurant_id_to_restaurants status=PASS detail=coverage=100.00% unmapped=0
2026-09-27 00:35:06,259 | INFO | Validation | check=order_outcomes.order_id_to_orders status=PASS detail=coverage=100.00% unmapped=0
2026-09-27 00:35:06,259 | INFO | Validation | check=dispatch.order_id_to_orders status=PASS detail=coverage=100.00% unmapped=0
2026-09-27 00:35:06,259 | INFO | Validation | check=support_tickets.order_linkage status=WARN detail=unlinked_tickets=3
2026-09-27 00:35:06,259 | INFO | Validation | check=dispatch.order_set_completeness status=PASS detail=expected_orders=1600 received_orders=1600 missing=0
2026-09-27 00:35:06,922 | INFO | Built order_journey | rows=1600 duplicate_source_flags=3
2026-09-27 00:35:06,968 | INFO | Pipeline completed | gate=WARN rows=1600
